/Users/michaelchen/Epub_Listener/venv/lib/python3.12/site-packages/pyworld/__init__.py:13: UserWarning: pkg_resources is deprecated as an API. See https://setuptools.pypa.io/en/latest/pkg_resources.html. The pkg_resources package is slated for removal as early as 2025-11-30. Refrain from using this package or pin to Setuptools<81.
  import pkg_resources
/Users/michaelchen/Epub_Listener/venv/lib/python3.12/site-packages/pyworld/__init__.py:13: UserWarning: pkg_resources is deprecated as an API. See https://setuptools.pypa.io/en/latest/pkg_resources.html. The pkg_resources package is slated for removal as early as 2025-11-30. Refrain from using this package or pin to Setuptools<81.
  import pkg_resources
/Users/michaelchen/Epub_Listener/venv/lib/python3.12/site-packages/pyworld/__init__.py:13: UserWarning: pkg_resources is deprecated as an API. See https://setuptools.pypa.io/en/latest/pkg_resources.html. The pkg_resources package is slated for removal as early as 2025-11-30. Refrain from using this package or pin to Setuptools<81.
  import pkg_resources
/Users/michaelchen/Epub_Listener/venv/lib/python3.12/site-packages/pyworld/__init__.py:13: UserWarning: pkg_resources is deprecated as an API. See https://setuptools.pypa.io/en/latest/pkg_resources.html. The pkg_resources package is slated for removal as early as 2025-11-30. Refrain from using this package or pin to Setuptools<81.
  import pkg_resources
/Users/michaelchen/Epub_Listener/venv/lib/python3.12/site-packages/pyworld/__init__.py:13: UserWarning: pkg_resources is deprecated as an API. See https://setuptools.pypa.io/en/latest/pkg_resources.html. The pkg_resources package is slated for removal as early as 2025-11-30. Refrain from using this package or pin to Setuptools<81.
  import pkg_resources
/Users/michaelchen/Epub_Listener/venv/lib/python3.12/site-packages/pyworld/__init__.py:13: UserWarning: pkg_resources is deprecated as an API. See https://setuptools.pypa.io/en/latest/pkg_resources.html. The pkg_resources package is slated for removal as early as 2025-11-30. Refrain from using this package or pin to Setuptools<81.
  import pkg_resources
long03       mel_l1=0.126 mcd=3.44 f0=4.1
long04       mel_l1=0.131 mcd=3.51 f0=5.9
long05       mel_l1=0.726 mcd=8.06 f0=12.6
para01       mel_l1=0.134 mcd=3.62 f0=5.6
long00       mel_l1=0.368 mcd=8.84 f0=8.5
long01       mel_l1=0.141 mcd=3.62 f0=6.6
long02       mel_l1=0.752 mcd=13.31 f0=14.8
para00       mel_l1=0.116 mcd=3.28 f0=3.1
para04       mel_l1=0.158 mcd=4.11 f0=5.3
para06       mel_l1=0.117 mcd=3.37 f0=3.9
para03       mel_l1=0.127 mcd=3.47 f0=5.8
para02       mel_l1=0.120 mcd=3.35 f0=3.9
para08       mel_l1=0.113 mcd=3.24 f0=2.2
para09       mel_l1=0.120 mcd=3.40 f0=3.0
long06       mel_l1=0.141 mcd=3.73 f0=7.5
para07       mel_l1=0.114 mcd=3.24 f0=2.3
patho01      mel_l1=0.116 mcd=3.22 f0=3.1
patho02      mel_l1=0.126 mcd=3.52 f0=1.6
patho03      mel_l1=0.122 mcd=3.47 f0=2.7
patho04      mel_l1=0.115 mcd=3.27 f0=1.4
short00      mel_l1=0.134 mcd=3.42 f0=5.7
short01      mel_l1=0.136 mcd=3.47 f0=5.5
short02      mel_l1=0.118 mcd=3.18 f0=3.3
para11       mel_l1=0.141 mcd=3.52 f0=5.4
short03      mel_l1=0.121 mcd=3.48 f0=5.9
short04      mel_l1=0.123 mcd=3.41 f0=32.0
short05      mel_l1=0.122 mcd=3.36 f0=2.8
short06      mel_l1=0.127 mcd=3.50 f0=1.8
short07      mel_l1=0.126 mcd=3.40 f0=0.8
short08      mel_l1=0.118 mcd=3.14 f0=19.0
short09      mel_l1=0.120 mcd=3.24 f0=1.3
short10      mel_l1=0.129 mcd=3.55 f0=7.9
short11      mel_l1=0.116 mcd=3.20 f0=8.8
short12      mel_l1=0.130 mcd=3.51 f0=3.9
para05       mel_l1=0.794 mcd=5.83 f0=17.3
short13      mel_l1=0.135 mcd=3.66 f0=8.4
short14      mel_l1=0.113 mcd=3.14 f0=3.1
short16      mel_l1=0.117 mcd=3.20 f0=4.6
short17      mel_l1=0.129 mcd=3.62 f0=1.4
short15      mel_l1=0.131 mcd=3.36 f0=1.7
short18      mel_l1=0.130 mcd=3.38 f0=17.6
short19      mel_l1=0.117 mcd=3.23 f0=2.9
para10       mel_l1=0.138 mcd=3.60 f0=6.7
para12       mel_l1=0.910 mcd=6.12 f0=15.1
stress03     mel_l1=0.120 mcd=3.23 f0=0.8
stress05     mel_l1=0.123 mcd=3.39 f0=4.5
stress02     mel_l1=0.119 mcd=3.31 f0=7.5
stress00     mel_l1=0.120 mcd=3.43 f0=4.5
stress08     mel_l1=0.121 mcd=3.30 f0=1.5
stress04     mel_l1=0.135 mcd=3.61 f0=4.9
patho00      mel_l1=0.131 mcd=3.53 f0=4.2
stress01     mel_l1=0.118 mcd=3.32 f0=3.9
stress07     mel_l1=0.323 mcd=4.53 f0=7.0
stress06     mel_l1=0.123 mcd=3.37 f0=6.0
stress09     mel_l1=0.122 mcd=3.36 f0=3.1
Warning: You are sending unauthenticated requests to the HF Hub. Please set a HF_TOKEN to enable higher rate limits and faster downloads.
Loading weights:   0%|          | 0/266 [00:00<?, ?it/s]Loading weights: 100%|██████████| 266/266 [00:00<00:00, 28136.91it/s]
/Users/michaelchen/Epub_Listener/venv/lib/python3.12/site-packages/torch/nn/functional.py:6441: UserWarning: Support for mismatched key_padding_mask and attn_mask is deprecated. Use same type for both instead.
  key_padding_mask = _canonical_mask(
{
 "dur_drift_pct": {
  "mean": 0.0133,
  "median": 0.0,
  "worst": 0.3289
 },
 "mel_l1": {
  "mean": 0.1821,
  "median": 0.1257,
  "worst": 0.9099
 },
 "mcd_db": {
  "mean": 3.8905,
  "median": 3.424,
  "worst": 13.313
 },
 "stft_lmag": {
  "mean": 0.3322,
  "median": 0.275,
  "worst": 1.0968
 },
 "stft_sc": {
  "mean": 0.1332,
  "median": 0.0813,
  "worst": 0.686
 },
 "f0_rmse_hz": {
  "mean": 6.0875,
  "median": 4.53,
  "worst": 31.99
 },
 "vuv_err_pct": {
  "mean": 5.13,
  "median": 4.83,
  "worst": 15.52
 },
 "spk_cos": {
  "mean": 0.9994,
  "median": 0.9995,
  "worst": 0.9979
 }
}
wrote experiments/11-ship-q8/metrics.json
