/Users/michaelchen/Epub_Listener/venv/lib/python3.12/site-packages/pyworld/__init__.py:13: UserWarning: pkg_resources is deprecated as an API. See https://setuptools.pypa.io/en/latest/pkg_resources.html. The pkg_resources package is slated for removal as early as 2025-11-30. Refrain from using this package or pin to Setuptools<81.
  import pkg_resources
/Users/michaelchen/Epub_Listener/venv/lib/python3.12/site-packages/pyworld/__init__.py:13: UserWarning: pkg_resources is deprecated as an API. See https://setuptools.pypa.io/en/latest/pkg_resources.html. The pkg_resources package is slated for removal as early as 2025-11-30. Refrain from using this package or pin to Setuptools<81.
  import pkg_resources
/Users/michaelchen/Epub_Listener/venv/lib/python3.12/site-packages/pyworld/__init__.py:13: UserWarning: pkg_resources is deprecated as an API. See https://setuptools.pypa.io/en/latest/pkg_resources.html. The pkg_resources package is slated for removal as early as 2025-11-30. Refrain from using this package or pin to Setuptools<81.
  import pkg_resources
/Users/michaelchen/Epub_Listener/venv/lib/python3.12/site-packages/pyworld/__init__.py:13: UserWarning: pkg_resources is deprecated as an API. See https://setuptools.pypa.io/en/latest/pkg_resources.html. The pkg_resources package is slated for removal as early as 2025-11-30. Refrain from using this package or pin to Setuptools<81.
  import pkg_resources
/Users/michaelchen/Epub_Listener/venv/lib/python3.12/site-packages/pyworld/__init__.py:13: UserWarning: pkg_resources is deprecated as an API. See https://setuptools.pypa.io/en/latest/pkg_resources.html. The pkg_resources package is slated for removal as early as 2025-11-30. Refrain from using this package or pin to Setuptools<81.
  import pkg_resources
/Users/michaelchen/Epub_Listener/venv/lib/python3.12/site-packages/pyworld/__init__.py:13: UserWarning: pkg_resources is deprecated as an API. See https://setuptools.pypa.io/en/latest/pkg_resources.html. The pkg_resources package is slated for removal as early as 2025-11-30. Refrain from using this package or pin to Setuptools<81.
  import pkg_resources
long03       mel_l1=0.135 mcd=3.66 f0=4.8
long04       mel_l1=0.141 mcd=3.77 f0=5.8
long05       mel_l1=0.729 mcd=8.17 f0=13.1
long01       mel_l1=0.151 mcd=3.88 f0=6.4
para01       mel_l1=0.144 mcd=3.85 f0=4.4
long00       mel_l1=0.374 mcd=9.02 f0=8.8
long02       mel_l1=0.754 mcd=13.41 f0=14.8
para00       mel_l1=0.127 mcd=3.52 f0=3.7
para06       mel_l1=0.127 mcd=3.57 f0=5.3
para04       mel_l1=0.167 mcd=4.29 f0=6.8
para03       mel_l1=0.137 mcd=3.73 f0=4.4
para02       mel_l1=0.130 mcd=3.58 f0=3.3
long06       mel_l1=0.149 mcd=3.93 f0=7.1
para08       mel_l1=0.122 mcd=3.47 f0=1.9
para09       mel_l1=0.132 mcd=3.64 f0=3.4
para07       mel_l1=0.125 mcd=3.52 f0=4.0
patho01      mel_l1=0.127 mcd=3.57 f0=3.8
patho02      mel_l1=0.139 mcd=3.85 f0=2.4
para11       mel_l1=0.150 mcd=3.74 f0=5.8
patho03      mel_l1=0.137 mcd=3.79 f0=2.9
short00      mel_l1=0.144 mcd=3.56 f0=13.9
short01      mel_l1=0.148 mcd=3.60 f0=5.2
patho04      mel_l1=0.120 mcd=3.36 f0=2.8
short02      mel_l1=0.133 mcd=3.49 f0=3.9
short03      mel_l1=0.134 mcd=3.72 f0=15.9
short04      mel_l1=0.134 mcd=3.48 f0=0.8
short05      mel_l1=0.132 mcd=3.50 f0=2.7
short06      mel_l1=0.141 mcd=3.77 f0=2.1
short07      mel_l1=0.134 mcd=3.52 f0=1.3
short08      mel_l1=0.135 mcd=3.57 f0=5.9
short09      mel_l1=0.134 mcd=3.51 f0=1.7
para12       mel_l1=0.915 mcd=6.31 f0=15.2
short10      mel_l1=0.136 mcd=3.72 f0=1.8
short11      mel_l1=0.127 mcd=3.54 f0=2.5
short12      mel_l1=0.151 mcd=3.87 f0=3.9
short13      mel_l1=0.144 mcd=3.75 f0=8.0
short14      mel_l1=0.123 mcd=3.37 f0=3.0
short16      mel_l1=0.130 mcd=3.51 f0=2.4
short15      mel_l1=0.140 mcd=3.55 f0=1.4
para05       mel_l1=0.799 mcd=6.08 f0=16.8
short17      mel_l1=0.144 mcd=3.91 f0=1.7
short18      mel_l1=0.141 mcd=3.73 f0=17.8
short19      mel_l1=0.126 mcd=3.38 f0=1.0
stress03     mel_l1=0.132 mcd=3.54 f0=1.9
para10       mel_l1=0.147 mcd=3.77 f0=6.7
stress02     mel_l1=0.134 mcd=3.67 f0=8.2
stress00     mel_l1=0.136 mcd=3.79 f0=5.0
stress05     mel_l1=0.133 mcd=3.62 f0=4.3
patho00      mel_l1=0.141 mcd=3.77 f0=4.7
stress08     mel_l1=0.129 mcd=3.50 f0=7.0
stress04     mel_l1=0.139 mcd=3.79 f0=5.5
stress01     mel_l1=0.135 mcd=3.63 f0=2.8
stress07     mel_l1=0.328 mcd=4.79 f0=6.7
stress06     mel_l1=0.139 mcd=3.65 f0=6.5
stress09     mel_l1=0.136 mcd=3.71 f0=3.8
Warning: You are sending unauthenticated requests to the HF Hub. Please set a HF_TOKEN to enable higher rate limits and faster downloads.
Loading weights:   0%|          | 0/266 [00:00<?, ?it/s]Loading weights: 100%|██████████| 266/266 [00:00<00:00, 26188.56it/s]
/Users/michaelchen/Epub_Listener/venv/lib/python3.12/site-packages/torch/nn/functional.py:6441: UserWarning: Support for mismatched key_padding_mask and attn_mask is deprecated. Use same type for both instead.
  key_padding_mask = _canonical_mask(
{
 "dur_drift_pct": {
  "mean": 0.0133,
  "median": 0.0,
  "worst": 0.3289
 },
 "mel_l1": {
  "mean": 0.1926,
  "median": 0.1358,
  "worst": 0.9154
 },
 "mcd_db": {
  "mean": 4.1275,
  "median": 3.667,
  "worst": 13.41
 },
 "stft_lmag": {
  "mean": 0.3484,
  "median": 0.2933,
  "worst": 1.1013
 },
 "stft_sc": {
  "mean": 0.1411,
  "median": 0.0907,
  "worst": 0.6866
 },
 "f0_rmse_hz": {
  "mean": 5.5907,
  "median": 4.41,
  "worst": 17.83
 },
 "vuv_err_pct": {
  "mean": 5.5422,
  "median": 4.97,
  "worst": 16.11
 },
 "spk_cos": {
  "mean": 0.999,
  "median": 0.9994,
  "worst": 0.985
 }
}
wrote experiments/12-ship-mix/metrics.json
